// Jest Snapshot v1, https://jestjs.io/docs/snapshot-testing

exports[`Admindashboard Component matches snapshot 1`] = `
<div
  data-testid="tabspage-component"
>
  <div
    data-testid="home-team"
  >
    Home Team
  </div>
  <div
    data-testid="away-team"
  >
    Away Team
  </div>
  <div
    data-testid="tabs-container"
  >
    <div
      data-testid="tabs"
    >
      <div
        data-testid="tabs-list"
      >
        <div
          data-testid="tabs-trigger"
        >
          Lineups
        </div>
        <div
          data-testid="tabs-trigger"
        >
          Last 5 games
        </div>
        <div
          data-testid="tabs-trigger"
        >
          Game summary
        </div>
      </div>
      <div
        data-testid="tabs-content"
      >
        <div
          data-testid="data-table"
        >
          DataTable with 0 items
        </div>
      </div>
    </div>
  </div>
</div>
`;
